// Bun Snapshot v1, https://goo.gl/fbAQLP

exports[`@typescript-eslint/keep-getters-and-setters-together true getter-setter.ts 1`] = `
"export class TestClass {
  get theme(): string {
    return "light";
  }
  get visible(): boolean {
    return true;
  }
  set visible(_val: boolean) {}
}

class A {
  a: number;
  b: string;
  get c(): boolean {
    return true;
  }
  get d(): string {
    return "d";
  }
  get e(): boolean {
    return false;
  }
  set c(_val: boolean) {}
  set d(_val: string) {}
}
"
`;

exports[`@typescript-eslint/keep-getters-and-setters-together true getter-setter.js 1`] = `
"export class TestClass {
  get theme() {}
  get visible() {}
  set visible(value) {}
}

class A {
  a = 1;
  d = 2;
  get b() {}
  set b(value) {}
  set c(value) {}
}
"
`;

exports[`@typescript-eslint/keep-getters-and-setters-together false getter-setter.ts 1`] = `
"export class TestClass {
  get theme(): string {
    return "light";
  }
  get visible(): boolean {
    return true;
  }
  set visible(_val: boolean) {}
}

class A {
  a: number;
  b: string;
  get c(): boolean {
    return true;
  }
  get d(): string {
    return "d";
  }
  get e(): boolean {
    return false;
  }
  set c(_val: boolean) {}
  set d(_val: string) {}
}
"
`;

exports[`@typescript-eslint/keep-getters-and-setters-together false getter-setter.js 1`] = `
"export class TestClass {
  get theme() {}
  get visible() {}
  set visible(value) {}
}

class A {
  a = 1;
  d = 2;
  get b() {}
  set b(value) {}
  set c(value) {}
}
"
`;
