// Bun Snapshot v1, https://goo.gl/fbAQLP

exports[`format interface.ts 1`] = `
"interface A {
  a: string;
  b: string;
  c: unknown;
}

interface B {
  c: number;
  x: string;
  a(): string;
  b(): never;
  z(): string;
}

interface C {
  a: string;

  aa: 0;
  b: string;
  c: string;
  z: 0;
  m(): unknown;
}

interface D {
  a: string;
  b: string;

  c: 0;

  am(): 0;
  bm(): 0;
}

interface E {
  // comment-on-a
  a: 0;

  b: 0; // tail-comment-b

  // comment-on-c
  c: 0; // tail-comment-c

  // comment-on-d
  d(): 0; // tail-comment-d
  e(): 0;
  // trailing-comment
}
"
`;
